Command line invocation:
    /Applications/Xcode.app/Contents/Developer/usr/bin/xcodebuild -scheme RSMS -destination "generic/platform=iOS Simulator" build

Resolve Package Graph


Resolved source packages:
  swift-concurrency-extras: https://github.com/pointfreeco/swift-concurrency-extras @ 1.3.2
  xctest-dynamic-overlay: https://github.com/pointfreeco/xctest-dynamic-overlay @ 1.9.0
  swift-asn1: https://github.com/apple/swift-asn1.git @ 1.7.0
  swift-crypto: https://github.com/apple/swift-crypto.git @ 4.4.0
  swift-http-types: https://github.com/apple/swift-http-types.git @ 1.5.1
  swift-clocks: https://github.com/pointfreeco/swift-clocks @ 1.0.6
  Supabase: https://github.com/supabase/supabase-swift @ 2.44.1

2026-04-27 14:59:04.554 xcodebuild[35467:4284122] [MT] IDERunDestination: Supported platforms for the buildables in the current scheme is empty.
ComputePackagePrebuildTargetDependencyGraph

Prepare packages

CreateBuildRequest

SendProjectDescription

CreateBuildOperation

ComputeTargetDependencyGraph
note: Building targets in dependency order
note: Target dependency graph (28 targets)
    Target 'RSMS' in project 'RSMS'
        ➜ Explicit dependency on target 'Supabase' in project 'Supabase'
        ➜ Explicit dependency on target 'PostgREST' in project 'Supabase'
        ➜ Explicit dependency on target 'Functions' in project 'Supabase'
        ➜ Explicit dependency on target 'Auth' in project 'Supabase'
        ➜ Explicit dependency on target 'Storage' in project 'Supabase'
        ➜ Explicit dependency on target 'Realtime' in project 'Supabase'
    Target 'Realtime' in project 'Supabase'
        ➜ Explicit dependency on target 'Realtime' in project 'Supabase'
        ➜ Explicit dependency on target 'Helpers' in project 'Supabase'
        ➜ Explicit dependency on target 'ConcurrencyExtras' in project 'swift-concurrency-extras'
        ➜ Explicit dependency on target 'HTTPTypes' in project 'swift-http-types'
        ➜ Explicit dependency on target 'Clocks' in project 'swift-clocks'
        ➜ Explicit dependency on target 'XCTestDynamicOverlay' in project 'xctest-dynamic-overlay'
        ➜ Explicit dependency on target 'IssueReporting' in project 'xctest-dynamic-overlay'
    Target 'Storage' in project 'Supabase'
        ➜ Explicit dependency on target 'Storage' in project 'Supabase'
        ➜ Explicit dependency on target 'Helpers' in project 'Supabase'
        ➜ Explicit dependency on target 'ConcurrencyExtras' in project 'swift-concurrency-extras'
        ➜ Explicit dependency on target 'HTTPTypes' in project 'swift-http-types'
        ➜ Explicit dependency on target 'Clocks' in project 'swift-clocks'
        ➜ Explicit dependency on target 'XCTestDynamicOverlay' in project 'xctest-dynamic-overlay'
    Target 'Auth' in project 'Supabase'
        ➜ Explicit dependency on target 'Auth' in project 'Supabase'
        ➜ Explicit dependency on target 'Helpers' in project 'Supabase'
        ➜ Explicit dependency on target 'ConcurrencyExtras' in project 'swift-concurrency-extras'
        ➜ Explicit dependency on target 'HTTPTypes' in project 'swift-http-types'
        ➜ Explicit dependency on target 'Clocks' in project 'swift-clocks'
        ➜ Explicit dependency on target 'XCTestDynamicOverlay' in project 'xctest-dynamic-overlay'
        ➜ Explicit dependency on target 'Crypto' in project 'swift-crypto'
    Target 'Functions' in project 'Supabase'
        ➜ Explicit dependency on target 'Functions' in project 'Supabase'
        ➜ Explicit dependency on target 'Helpers' in project 'Supabase'
        ➜ Explicit dependency on target 'ConcurrencyExtras' in project 'swift-concurrency-extras'
        ➜ Explicit dependency on target 'HTTPTypes' in project 'swift-http-types'
        ➜ Explicit dependency on target 'Clocks' in project 'swift-clocks'
        ➜ Explicit dependency on target 'XCTestDynamicOverlay' in project 'xctest-dynamic-overlay'
    Target 'PostgREST' in project 'Supabase'
        ➜ Explicit dependency on target 'PostgREST' in project 'Supabase'
        ➜ Explicit dependency on target 'Helpers' in project 'Supabase'
        ➜ Explicit dependency on target 'ConcurrencyExtras' in project 'swift-concurrency-extras'
        ➜ Explicit dependency on target 'HTTPTypes' in project 'swift-http-types'
        ➜ Explicit dependency on target 'Clocks' in project 'swift-clocks'
        ➜ Explicit dependency on target 'XCTestDynamicOverlay' in project 'xctest-dynamic-overlay'
    Target 'Supabase' in project 'Supabase'
        ➜ Explicit dependency on target 'Supabase' in project 'Supabase'
        ➜ Explicit dependency on target 'Helpers' in project 'Supabase'
        ➜ Explicit dependency on target 'Auth' in project 'Supabase'
        ➜ Explicit dependency on target 'Functions' in project 'Supabase'
        ➜ Explicit dependency on target 'PostgREST' in project 'Supabase'
        ➜ Explicit dependency on target 'Realtime' in project 'Supabase'
        ➜ Explicit dependency on target 'Storage' in project 'Supabase'
        ➜ Explicit dependency on target 'ConcurrencyExtras' in project 'swift-concurrency-extras'
        ➜ Explicit dependency on target 'HTTPTypes' in project 'swift-http-types'
        ➜ Explicit dependency on target 'Clocks' in project 'swift-clocks'
        ➜ Explicit dependency on target 'XCTestDynamicOverlay' in project 'xctest-dynamic-overlay'
        ➜ Explicit dependency on target 'Crypto' in project 'swift-crypto'
        ➜ Explicit dependency on target 'IssueReporting' in project 'xctest-dynamic-overlay'
    Target 'Supabase' in project 'Supabase'
        ➜ Explicit dependency on target 'Helpers' in project 'Supabase'
        ➜ Explicit dependency on target 'Auth' in project 'Supabase'
        ➜ Explicit dependency on target 'Functions' in project 'Supabase'
        ➜ Explicit dependency on target 'PostgREST' in project 'Supabase'
        ➜ Explicit dependency on target 'Realtime' in project 'Supabase'
        ➜ Explicit dependency on target 'Storage' in project 'Supabase'
        ➜ Explicit dependency on target 'ConcurrencyExtras' in project 'swift-concurrency-extras'
        ➜ Explicit dependency on target 'HTTPTypes' in project 'swift-http-types'
        ➜ Explicit dependency on target 'Clocks' in project 'swift-clocks'
        ➜ Explicit dependency on target 'XCTestDynamicOverlay' in project 'xctest-dynamic-overlay'
        ➜ Explicit dependency on target 'Crypto' in project 'swift-crypto'
        ➜ Explicit dependency on target 'IssueReporting' in project 'xctest-dynamic-overlay'
    Target 'Storage' in project 'Supabase'
        ➜ Explicit dependency on target 'Helpers' in project 'Supabase'
        ➜ Explicit dependency on target 'ConcurrencyExtras' in project 'swift-concurrency-extras'
        ➜ Explicit dependency on target 'HTTPTypes' in project 'swift-http-types'
        ➜ Explicit dependency on target 'Clocks' in project 'swift-clocks'
        ➜ Explicit dependency on target 'XCTestDynamicOverlay' in project 'xctest-dynamic-overlay'
    Target 'Realtime' in project 'Supabase'
        ➜ Explicit dependency on target 'Helpers' in project 'Supabase'
        ➜ Explicit dependency on target 'ConcurrencyExtras' in project 'swift-concurrency-extras'
        ➜ Explicit dependency on target 'HTTPTypes' in project 'swift-http-types'
        ➜ Explicit dependency on target 'Clocks' in project 'swift-clocks'
        ➜ Explicit dependency on target 'XCTestDynamicOverlay' in project 'xctest-dynamic-overlay'
        ➜ Explicit dependency on target 'IssueReporting' in project 'xctest-dynamic-overlay'
    Target 'PostgREST' in project 'Supabase'
        ➜ Explicit dependency on target 'Helpers' in project 'Supabase'
        ➜ Explicit dependency on target 'ConcurrencyExtras' in project 'swift-concurrency-extras'
        ➜ Explicit dependency on target 'HTTPTypes' in project 'swift-http-types'
        ➜ Explicit dependency on target 'Clocks' in project 'swift-clocks'
        ➜ Explicit dependency on target 'XCTestDynamicOverlay' in project 'xctest-dynamic-overlay'
    Target 'Functions' in project 'Supabase'
        ➜ Explicit dependency on target 'Helpers' in project 'Supabase'
        ➜ Explicit dependency on target 'ConcurrencyExtras' in project 'swift-concurrency-extras'
        ➜ Explicit dependency on target 'HTTPTypes' in project 'swift-http-types'
        ➜ Explicit dependency on target 'Clocks' in project 'swift-clocks'
        ➜ Explicit dependency on target 'XCTestDynamicOverlay' in project 'xctest-dynamic-overlay'
    Target 'Auth' in project 'Supabase'
        ➜ Explicit dependency on target 'Helpers' in project 'Supabase'
        ➜ Explicit dependency on target 'ConcurrencyExtras' in project 'swift-concurrency-extras'
        ➜ Explicit dependency on target 'HTTPTypes' in project 'swift-http-types'
        ➜ Explicit dependency on target 'Clocks' in project 'swift-clocks'
        ➜ Explicit dependency on target 'XCTestDynamicOverlay' in project 'xctest-dynamic-overlay'
        ➜ Explicit dependency on target 'Crypto' in project 'swift-crypto'
    Target 'Crypto' in project 'swift-crypto'
        ➜ Explicit dependency on target 'Crypto' in project 'swift-crypto'
        ➜ Explicit dependency on target 'swift-crypto_Crypto' in project 'swift-crypto'
    Target 'Crypto' in project 'swift-crypto'
        ➜ Explicit dependency on target 'swift-crypto_Crypto' in project 'swift-crypto'
    Target 'swift-crypto_Crypto' in project 'swift-crypto' (no dependencies)
    Target 'Helpers' in project 'Supabase'
        ➜ Explicit dependency on target 'ConcurrencyExtras' in project 'swift-concurrency-extras'
        ➜ Explicit dependency on target 'HTTPTypes' in project 'swift-http-types'
        ➜ Explicit dependency on target 'Clocks' in project 'swift-clocks'
        ➜ Explicit dependency on target 'XCTestDynamicOverlay' in project 'xctest-dynamic-overlay'
    Target 'XCTestDynamicOverlay' in project 'xctest-dynamic-overlay'
        ➜ Explicit dependency on target 'XCTestDynamicOverlay' in project 'xctest-dynamic-overlay'
        ➜ Explicit dependency on target 'IssueReportingPackageSupport' in project 'xctest-dynamic-overlay'
        ➜ Explicit dependency on target 'IssueReporting' in project 'xctest-dynamic-overlay'
    Target 'XCTestDynamicOverlay' in project 'xctest-dynamic-overlay'
        ➜ Explicit dependency on target 'IssueReportingPackageSupport' in project 'xctest-dynamic-overlay'
        ➜ Explicit dependency on target 'IssueReporting' in project 'xctest-dynamic-overlay'
    Target 'Clocks' in project 'swift-clocks'
        ➜ Explicit dependency on target 'Clocks' in project 'swift-clocks'
        ➜ Explicit dependency on target 'ConcurrencyExtras' in project 'swift-concurrency-extras'
        ➜ Explicit dependency on target 'IssueReporting' in project 'xctest-dynamic-overlay'
    Target 'Clocks' in project 'swift-clocks'
        ➜ Explicit dependency on target 'ConcurrencyExtras' in project 'swift-concurrency-extras'
        ➜ Explicit dependency on target 'IssueReporting' in project 'xctest-dynamic-overlay'
    Target 'IssueReporting' in project 'xctest-dynamic-overlay'
        ➜ Explicit dependency on target 'IssueReporting' in project 'xctest-dynamic-overlay'
        ➜ Explicit dependency on target 'IssueReportingPackageSupport' in project 'xctest-dynamic-overlay'
    Target 'IssueReporting' in project 'xctest-dynamic-overlay'
        ➜ Explicit dependency on target 'IssueReportingPackageSupport' in project 'xctest-dynamic-overlay'
    Target 'IssueReportingPackageSupport' in project 'xctest-dynamic-overlay' (no dependencies)
    Target 'HTTPTypes' in project 'swift-http-types'
        ➜ Explicit dependency on target 'HTTPTypes' in project 'swift-http-types'
    Target 'HTTPTypes' in project 'swift-http-types' (no dependencies)
    Target 'ConcurrencyExtras' in project 'swift-concurrency-extras'
        ➜ Explicit dependency on target 'ConcurrencyExtras' in project 'swift-concurrency-extras'
    Target 'ConcurrencyExtras' in project 'swift-concurrency-extras' (no dependencies)

GatherProvisioningInputs

CreateBuildDescription

ExecuteExternalTool /Applications/Xcode.app/Contents/Developer/Toolchains/XcodeDefault.xctoolchain/usr/bin/swiftc --version

ExecuteExternalTool /Applications/Xcode.app/Contents/Developer/Toolchains/XcodeDefault.xctoolchain/usr/bin/clang -v -E -dM -isysroot /Applications/Xcode.app/Contents/Developer/Platforms/iPhoneSimulator.platform/Developer/SDKs/iPhoneSimulator26.2.sdk -x c -c /dev/null

ExecuteExternalTool /Applications/Xcode.app/Contents/Developer/usr/bin/actool --print-asset-tag-combinations --output-format xml1 /Users/unnattigogna/Desktop/Infosys Internship/Team08RSMS/RSMS/Assets.xcassets

ExecuteExternalTool /Applications/Xcode.app/Contents/Developer/usr/bin/actool --version --output-format xml1

ExecuteExternalTool /Applications/Xcode.app/Contents/Developer/Toolchains/XcodeDefault.xctoolchain/usr/bin/ld -version_details

ReadFileContents /Applications/Xcode.app/Contents/Developer/Toolchains/XcodeDefault.xctoolchain/usr/share/docc/features.json

Build description signature: 1ad27b672e66420bc507b1d4ace1eb10
Build description path: /Users/unnattigogna/Library/Developer/Xcode/DerivedData/RSMS-dklymtogvabdewaamiwrvzksyjwn/Build/Intermediates.noindex/XCBuildData/1ad27b672e66420bc507b1d4ace1eb10.xcbuilddata
ClangStatCache /Applications/Xcode.app/Contents/Developer/Toolchains/XcodeDefault.xctoolchain/usr/bin/clang-stat-cache /Applications/Xcode.app/Contents/Developer/Platforms/iPhoneSimulator.platform/Developer/SDKs/iPhoneSimulator26.2.sdk /Users/unnattigogna/Library/Developer/Xcode/DerivedData/SDKStatCaches.noindex/iphonesimulator26.2-23C53-7d00a8b37fbd7999ea79df8ebc024bf0.sdkstatcache
    cd /Users/unnattigogna/Desktop/Infosys\ Internship/Team08RSMS/RSMS.xcodeproj
    /Applications/Xcode.app/Contents/Developer/Toolchains/XcodeDefault.xctoolchain/usr/bin/clang-stat-cache /Applications/Xcode.app/Contents/Developer/Platforms/iPhoneSimulator.platform/Developer/SDKs/iPhoneSimulator26.2.sdk -o /Users/unnattigogna/Library/Developer/Xcode/DerivedData/SDKStatCaches.noindex/iphonesimulator26.2-23C53-7d00a8b37fbd7999ea79df8ebc024bf0.sdkstatcache

ProcessInfoPlistFile /Users/unnattigogna/Library/Developer/Xcode/DerivedData/RSMS-dklymtogvabdewaamiwrvzksyjwn/Build/Products/Debug-iphonesimulator/swift-crypto_Crypto.bundle/Info.plist /Users/unnattigogna/Library/Developer/Xcode/DerivedData/RSMS-dklymtogvabdewaamiwrvzksyjwn/Build/Intermediates.noindex/swift-crypto.build/Debug-iphonesimulator/swift-crypto_Crypto.build/empty-swift-crypto_Crypto.plist (in target 'swift-crypto_Crypto' from project 'swift-crypto')
    cd /Users/unnattigogna/Library/Developer/Xcode/DerivedData/RSMS-dklymtogvabdewaamiwrvzksyjwn/SourcePackages/checkouts/swift-crypto
    builtin-infoPlistUtility /Users/unnattigogna/Library/Developer/Xcode/DerivedData/RSMS-dklymtogvabdewaamiwrvzksyjwn/Build/Intermediates.noindex/swift-crypto.build/Debug-iphonesimulator/swift-crypto_Crypto.build/empty-swift-crypto_Crypto.plist -producttype com.apple.product-type.bundle -expandbuildsettings -format binary -platform iphonesimulator -o /Users/unnattigogna/Library/Developer/Xcode/DerivedData/RSMS-dklymtogvabdewaamiwrvzksyjwn/Build/Products/Debug-iphonesimulator/swift-crypto_Crypto.bundle/Info.plist

ProcessProductPackaging "" /Users/unnattigogna/Library/Developer/Xcode/DerivedData/RSMS-dklymtogvabdewaamiwrvzksyjwn/Build/Intermediates.noindex/RSMS.build/Debug-iphonesimulator/RSMS.build/RSMS.app-Simulated.xcent (in target 'RSMS' from project 'RSMS')
    cd /Users/unnattigogna/Desktop/Infosys\ Internship/Team08RSMS
    
    Entitlements:
    
    {
    "application-identifier" = "9A8UG2N5Y8.dnyaneshwari.gogawale.RSMS0";
}
    
    builtin-productPackagingUtility -entitlements -format xml -o /Users/unnattigogna/Library/Developer/Xcode/DerivedData/RSMS-dklymtogvabdewaamiwrvzksyjwn/Build/Intermediates.noindex/RSMS.build/Debug-iphonesimulator/RSMS.build/RSMS.app-Simulated.xcent

ProcessProductPackagingDER /Users/unnattigogna/Library/Developer/Xcode/DerivedData/RSMS-dklymtogvabdewaamiwrvzksyjwn/Build/Intermediates.noindex/RSMS.build/Debug-iphonesimulator/RSMS.build/RSMS.app-Simulated.xcent /Users/unnattigogna/Library/Developer/Xcode/DerivedData/RSMS-dklymtogvabdewaamiwrvzksyjwn/Build/Intermediates.noindex/RSMS.build/Debug-iphonesimulator/RSMS.build/RSMS.app-Simulated.xcent.der (in target 'RSMS' from project 'RSMS')
    cd /Users/unnattigogna/Desktop/Infosys\ Internship/Team08RSMS
    /usr/bin/derq query -f xml -i /Users/unnattigogna/Library/Developer/Xcode/DerivedData/RSMS-dklymtogvabdewaamiwrvzksyjwn/Build/Intermediates.noindex/RSMS.build/Debug-iphonesimulator/RSMS.build/RSMS.app-Simulated.xcent -o /Users/unnattigogna/Library/Developer/Xcode/DerivedData/RSMS-dklymtogvabdewaamiwrvzksyjwn/Build/Intermediates.noindex/RSMS.build/Debug-iphonesimulator/RSMS.build/RSMS.app-Simulated.xcent.der --raw

SwiftDriver RSMS normal x86_64 com.apple.xcode.tools.swift.compiler (in target 'RSMS' from project 'RSMS')
    cd /Users/unnattigogna/Desktop/Infosys\ Internship/Team08RSMS
    builtin-SwiftDriver -- /Applications/Xcode.app/Contents/Developer/Toolchains/XcodeDefault.xctoolchain/usr/bin/swiftc -module-name RSMS -Onone -enforce-exclusivity\=checked @/Users/unnattigogna/Library/Developer/Xcode/DerivedData/RSMS-dklymtogvabdewaamiwrvzksyjwn/Build/Intermediates.noindex/RSMS.build/Debug-iphonesimulator/RSMS.build/Objects-normal/x86_64/RSMS.SwiftFileList -DDEBUG -default-isolation\=MainActor -enable-bare-slash-regex -enable-upcoming-feature DisableOutwardActorInference -enable-upcoming-feature InferSendableFromCaptures -enable-upcoming-feature GlobalActorIsolatedTypesUsability -enable-upcoming-feature MemberImportVisibility -enable-upcoming-feature InferIsolatedConformances -enable-upcoming-feature NonisolatedNonsendingByDefault -enable-experimental-feature DebugDescriptionMacro -sdk /Applications/Xcode.app/Contents/Developer/Platforms/iPhoneSimulator.platform/Developer/SDKs/iPhoneSimulator26.2.sdk -target x86_64-apple-ios26.2-simulator -g -module-cache-path /Users/unnattigogna/Library/Developer/Xcode/DerivedData/ModuleCache.noindex -Xfrontend -serialize-debugging-options -enable-testing -index-store-path /Users/unnattigogna/Library/Developer/Xcode/DerivedData/RSMS-dklymtogvabdewaamiwrvzksyjwn/Index.noindex/DataStore -Xcc -D_LIBCPP_HARDENING_MODE\=_LIBCPP_HARDENING_MODE_DEBUG -swift-version 5 -I /Users/unnattigogna/Library/Developer/Xcode/DerivedData/RSMS-dklymtogvabdewaamiwrvzksyjwn/Build/Products/Debug-iphonesimulator -F /Users/unnattigogna/Library/Developer/Xcode/DerivedData/RSMS-dklymtogvabdewaamiwrvzksyjwn/Build/Products/Debug-iphonesimulator/PackageFrameworks -F /Users/unnattigogna/Library/Developer/Xcode/DerivedData/RSMS-dklymtogvabdewaamiwrvzksyjwn/Build/Products/Debug-iphonesimulator/PackageFrameworks -F /Users/unnattigogna/Library/Developer/Xcode/DerivedData/RSMS-dklymtogvabdewaamiwrvzksyjwn/Build/Products/Debug-iphonesimulator/PackageFrameworks -F /Users/unnattigogna/Library/Developer/Xcode/DerivedData/RSMS-dklymtogvabdewaamiwrvzksyjwn/Build/Products/Debug-iphonesimulator/PackageFrameworks -F /Users/unnattigogna/Library/Developer/Xcode/DerivedData/RSMS-dklymtogvabdewaamiwrvzksyjwn/Build/Products/Debug-iphonesimulator/PackageFrameworks -F /Users/unnattigogna/Library/Developer/Xcode/DerivedData/RSMS-dklymtogvabdewaamiwrvzksyjwn/Build/Products/Debug-iphonesimulator/PackageFrameworks -F /Users/unnattigogna/Library/Developer/Xcode/DerivedData/RSMS-dklymtogvabdewaamiwrvzksyjwn/Build/Products/Debug-iphonesimulator/PackageFrameworks -F /Users/unnattigogna/Library/Developer/Xcode/DerivedData/RSMS-dklymtogvabdewaamiwrvzksyjwn/Build/Products/Debug-iphonesimulator/PackageFrameworks -F /Users/unnattigogna/Library/Developer/Xcode/DerivedData/RSMS-dklymtogvabdewaamiwrvzksyjwn/Build/Products/Debug-iphonesimulator/PackageFrameworks -F /Users/unnattigogna/Library/Developer/Xcode/DerivedData/RSMS-dklymtogvabdewaamiwrvzksyjwn/Build/Products/Debug-iphonesimulator/PackageFrameworks -F /Users/unnattigogna/Library/Developer/Xcode/DerivedData/RSMS-dklymtogvabdewaamiwrvzksyjwn/Build/Products/Debug-iphonesimulator/PackageFrameworks -F /Users/unnattigogna/Library/Developer/Xcode/DerivedData/RSMS-dklymtogvabdewaamiwrvzksyjwn/Build/Products/Debug-iphonesimulator/PackageFrameworks -F /Users/unnattigogna/Library/Developer/Xcode/DerivedData/RSMS-dklymtogvabdewaamiwrvzksyjwn/Build/Products/Debug-iphonesimulator/PackageFrameworks -F /Users/unnattigogna/Library/Developer/Xcode/DerivedData/RSMS-dklymtogvabdewaamiwrvzksyjwn/Build/Products/Debug-iphonesimulator/PackageFrameworks -F /Users/unnattigogna/Library/Developer/Xcode/DerivedData/RSMS-dklymtogvabdewaamiwrvzksyjwn/Build/Products/Debug-iphonesimulator -emit-localized-strings -emit-localized-strings-path /Users/unnattigogna/Library/Developer/Xcode/DerivedData/RSMS-dklymtogvabdewaamiwrvzksyjwn/Build/Intermediates.noindex/RSMS.build/Debug-iphonesimulator/RSMS.build/Objects-normal/x86_64 -c -j10 -enable-batch-mode -incremental -Xcc -ivfsstatcache -Xcc /Users/unnattigogna/Library/Developer/Xcode/DerivedData/SDKStatCaches.noindex/iphonesimulator26.2-23C53-7d00a8b37fbd7999ea79df8ebc024bf0.sdkstatcache -output-file-map /Users/unnattigogna/Library/Developer/Xcode/DerivedData/RSMS-dklymtogvabdewaamiwrvzksyjwn/Build/Intermediates.noindex/RSMS.build/Debug-iphonesimulator/RSMS.build/Objects-normal/x86_64/RSMS-OutputFileMap.json -use-frontend-parseable-output -save-temps -no-color-diagnostics -explicit-module-build -module-cache-path /Users/unnattigogna/Library/Developer/Xcode/DerivedData/RSMS-dklymtogvabdewaamiwrvzksyjwn/Build/Intermediates.noindex/SwiftExplicitPrecompiledModules -clang-scanner-module-cache-path /Users/unnattigogna/Library/Developer/Xcode/DerivedData/ModuleCache.noindex -sdk-module-cache-path /Users/unnattigogna/Library/Developer/Xcode/DerivedData/ModuleCache.noindex -serialize-diagnostics -emit-dependencies -emit-module -emit-module-path /Users/unnattigogna/Library/Developer/Xcode/DerivedData/RSMS-dklymtogvabdewaamiwrvzksyjwn/Build/Intermediates.noindex/RSMS.build/Debug-iphonesimulator/RSMS.build/Objects-normal/x86_64/RSMS.swiftmodule -validate-clang-modules-once -clang-build-session-file /Users/unnattigogna/Library/Developer/Xcode/DerivedData/ModuleCache.noindex/Session.modulevalidation -Xcc -I/Users/unnattigogna/Library/Developer/Xcode/DerivedData/RSMS-dklymtogvabdewaamiwrvzksyjwn/Build/Intermediates.noindex/RSMS.build/Debug-iphonesimulator/RSMS.build/swift-overrides.hmap -emit-const-values -Xfrontend -const-gather-protocols-file -Xfrontend /Users/unnattigogna/Library/Developer/Xcode/DerivedData/RSMS-dklymtogvabdewaamiwrvzksyjwn/Build/Intermediates.noindex/RSMS.build/Debug-iphonesimulator/RSMS.build/Objects-normal/x86_64/RSMS_const_extract_protocols.json -Xcc -iquote -Xcc /Users/unnattigogna/Library/Developer/Xcode/DerivedData/RSMS-dklymtogvabdewaamiwrvzksyjwn/Build/Intermediates.noindex/RSMS.build/Debug-iphonesimulator/RSMS.build/RSMS-generated-files.hmap -Xcc -I/Users/unnattigogna/Library/Developer/Xcode/DerivedData/RSMS-dklymtogvabdewaamiwrvzksyjwn/Build/Intermediates.noindex/RSMS.build/Debug-iphonesimulator/RSMS.build/RSMS-own-target-headers.hmap -Xcc -I/Users/unnattigogna/Library/Developer/Xcode/DerivedData/RSMS-dklymtogvabdewaamiwrvzksyjwn/Build/Intermediates.noindex/RSMS.build/Debug-iphonesimulator/RSMS.build/RSMS-all-non-framework-target-headers.hmap -Xcc -ivfsoverlay -Xcc /Users/unnattigogna/Library/Developer/Xcode/DerivedData/RSMS-dklymtogvabdewaamiwrvzksyjwn/Build/Intermediates.noindex/RSMS.build/Debug-iphonesimulator/RSMS-20c8144d8fc61d4ec82d88f627d29184-VFS-iphonesimulator/all-product-headers.yaml -Xcc -iquote -Xcc /Users/unnattigogna/Library/Developer/Xcode/DerivedData/RSMS-dklymtogvabdewaamiwrvzksyjwn/Build/Intermediates.noindex/RSMS.build/Debug-iphonesimulator/RSMS.build/RSMS-project-headers.hmap -Xcc -I/Users/unnattigogna/Library/Developer/Xcode/DerivedData/RSMS-dklymtogvabdewaamiwrvzksyjwn/Build/Products/Debug-iphonesimulator/include -Xcc -I/Users/unnattigogna/Library/Developer/Xcode/DerivedData/RSMS-dklymtogvabdewaamiwrvzksyjwn/Build/Intermediates.noindex/RSMS.build/Debug-iphonesimulator/RSMS.build/DerivedSources-normal/x86_64 -Xcc -I/Users/unnattigogna/Library/Developer/Xcode/DerivedData/RSMS-dklymtogvabdewaamiwrvzksyjwn/Build/Intermediates.noindex/RSMS.build/Debug-iphonesimulator/RSMS.build/DerivedSources/x86_64 -Xcc -I/Users/unnattigogna/Library/Developer/Xcode/DerivedData/RSMS-dklymtogvabdewaamiwrvzksyjwn/Build/Intermediates.noindex/RSMS.build/Debug-iphonesimulator/RSMS.build/DerivedSources -Xcc -DDEBUG\=1 -emit-objc-header -emit-objc-header-path /Users/unnattigogna/Library/Developer/Xcode/DerivedData/RSMS-dklymtogvabdewaamiwrvzksyjwn/Build/Intermediates.noindex/RSMS.build/Debug-iphonesimulator/RSMS.build/Objects-normal/x86_64/RSMS-Swift.h -working-directory /Users/unnattigogna/Desktop/Infosys\ Internship/Team08RSMS -experimental-emit-module-separately -disable-cmo
/Users/unnattigogna/Desktop/Infosys Internship/Team08RSMS/RSMS/CorporateAdmin/Views/StoreListView.swift:55:23: error: expected ',' separator
                    } label: {
                      ^
                     ,
/Users/unnattigogna/Desktop/Infosys Internship/Team08RSMS/RSMS/CorporateAdmin/Views/StoreListView.swift:55:23: error: expected ',' separator
                    } label: {
                      ^
                     ,
/Users/unnattigogna/Desktop/Infosys Internship/Team08RSMS/RSMS/CorporateAdmin/Views/StoreListView.swift:55:23: error: Expected ',' separator
                    } label: {
                      ^
                     , (in target 'RSMS' from project 'RSMS')

SwiftDriver RSMS normal arm64 com.apple.xcode.tools.swift.compiler (in target 'RSMS' from project 'RSMS')
    cd /Users/unnattigogna/Desktop/Infosys\ Internship/Team08RSMS
    builtin-SwiftDriver -- /Applications/Xcode.app/Contents/Developer/Toolchains/XcodeDefault.xctoolchain/usr/bin/swiftc -module-name RSMS -Onone -enforce-exclusivity\=checked @/Users/unnattigogna/Library/Developer/Xcode/DerivedData/RSMS-dklymtogvabdewaamiwrvzksyjwn/Build/Intermediates.noindex/RSMS.build/Debug-iphonesimulator/RSMS.build/Objects-normal/arm64/RSMS.SwiftFileList -DDEBUG -default-isolation\=MainActor -enable-bare-slash-regex -enable-upcoming-feature DisableOutwardActorInference -enable-upcoming-feature InferSendableFromCaptures -enable-upcoming-feature GlobalActorIsolatedTypesUsability -enable-upcoming-feature MemberImportVisibility -enable-upcoming-feature InferIsolatedConformances -enable-upcoming-feature NonisolatedNonsendingByDefault -enable-experimental-feature DebugDescriptionMacro -sdk /Applications/Xcode.app/Contents/Developer/Platforms/iPhoneSimulator.platform/Developer/SDKs/iPhoneSimulator26.2.sdk -target arm64-apple-ios26.2-simulator -g -module-cache-path /Users/unnattigogna/Library/Developer/Xcode/DerivedData/ModuleCache.noindex -Xfrontend -serialize-debugging-options -enable-testing -index-store-path /Users/unnattigogna/Library/Developer/Xcode/DerivedData/RSMS-dklymtogvabdewaamiwrvzksyjwn/Index.noindex/DataStore -Xcc -D_LIBCPP_HARDENING_MODE\=_LIBCPP_HARDENING_MODE_DEBUG -swift-version 5 -I /Users/unnattigogna/Library/Developer/Xcode/DerivedData/RSMS-dklymtogvabdewaamiwrvzksyjwn/Build/Products/Debug-iphonesimulator -F /Users/unnattigogna/Library/Developer/Xcode/DerivedData/RSMS-dklymtogvabdewaamiwrvzksyjwn/Build/Products/Debug-iphonesimulator/PackageFrameworks -F /Users/unnattigogna/Library/Developer/Xcode/DerivedData/RSMS-dklymtogvabdewaamiwrvzksyjwn/Build/Products/Debug-iphonesimulator/PackageFrameworks -F /Users/unnattigogna/Library/Developer/Xcode/DerivedData/RSMS-dklymtogvabdewaamiwrvzksyjwn/Build/Products/Debug-iphonesimulator/PackageFrameworks -F /Users/unnattigogna/Library/Developer/Xcode/DerivedData/RSMS-dklymtogvabdewaamiwrvzksyjwn/Build/Products/Debug-iphonesimulator/PackageFrameworks -F /Users/unnattigogna/Library/Developer/Xcode/DerivedData/RSMS-dklymtogvabdewaamiwrvzksyjwn/Build/Products/Debug-iphonesimulator/PackageFrameworks -F /Users/unnattigogna/Library/Developer/Xcode/DerivedData/RSMS-dklymtogvabdewaamiwrvzksyjwn/Build/Products/Debug-iphonesimulator/PackageFrameworks -F /Users/unnattigogna/Library/Developer/Xcode/DerivedData/RSMS-dklymtogvabdewaamiwrvzksyjwn/Build/Products/Debug-iphonesimulator/PackageFrameworks -F /Users/unnattigogna/Library/Developer/Xcode/DerivedData/RSMS-dklymtogvabdewaamiwrvzksyjwn/Build/Products/Debug-iphonesimulator/PackageFrameworks -F /Users/unnattigogna/Library/Developer/Xcode/DerivedData/RSMS-dklymtogvabdewaamiwrvzksyjwn/Build/Products/Debug-iphonesimulator/PackageFrameworks -F /Users/unnattigogna/Library/Developer/Xcode/DerivedData/RSMS-dklymtogvabdewaamiwrvzksyjwn/Build/Products/Debug-iphonesimulator/PackageFrameworks -F /Users/unnattigogna/Library/Developer/Xcode/DerivedData/RSMS-dklymtogvabdewaamiwrvzksyjwn/Build/Products/Debug-iphonesimulator/PackageFrameworks -F /Users/unnattigogna/Library/Developer/Xcode/DerivedData/RSMS-dklymtogvabdewaamiwrvzksyjwn/Build/Products/Debug-iphonesimulator/PackageFrameworks -F /Users/unnattigogna/Library/Developer/Xcode/DerivedData/RSMS-dklymtogvabdewaamiwrvzksyjwn/Build/Products/Debug-iphonesimulator/PackageFrameworks -F /Users/unnattigogna/Library/Developer/Xcode/DerivedData/RSMS-dklymtogvabdewaamiwrvzksyjwn/Build/Products/Debug-iphonesimulator/PackageFrameworks -F /Users/unnattigogna/Library/Developer/Xcode/DerivedData/RSMS-dklymtogvabdewaamiwrvzksyjwn/Build/Products/Debug-iphonesimulator -emit-localized-strings -emit-localized-strings-path /Users/unnattigogna/Library/Developer/Xcode/DerivedData/RSMS-dklymtogvabdewaamiwrvzksyjwn/Build/Intermediates.noindex/RSMS.build/Debug-iphonesimulator/RSMS.build/Objects-normal/arm64 -c -j10 -enable-batch-mode -incremental -Xcc -ivfsstatcache -Xcc /Users/unnattigogna/Library/Developer/Xcode/DerivedData/SDKStatCaches.noindex/iphonesimulator26.2-23C53-7d00a8b37fbd7999ea79df8ebc024bf0.sdkstatcache -output-file-map /Users/unnattigogna/Library/Developer/Xcode/DerivedData/RSMS-dklymtogvabdewaamiwrvzksyjwn/Build/Intermediates.noindex/RSMS.build/Debug-iphonesimulator/RSMS.build/Objects-normal/arm64/RSMS-OutputFileMap.json -use-frontend-parseable-output -save-temps -no-color-diagnostics -explicit-module-build -module-cache-path /Users/unnattigogna/Library/Developer/Xcode/DerivedData/RSMS-dklymtogvabdewaamiwrvzksyjwn/Build/Intermediates.noindex/SwiftExplicitPrecompiledModules -clang-scanner-module-cache-path /Users/unnattigogna/Library/Developer/Xcode/DerivedData/ModuleCache.noindex -sdk-module-cache-path /Users/unnattigogna/Library/Developer/Xcode/DerivedData/ModuleCache.noindex -serialize-diagnostics -emit-dependencies -emit-module -emit-module-path /Users/unnattigogna/Library/Developer/Xcode/DerivedData/RSMS-dklymtogvabdewaamiwrvzksyjwn/Build/Intermediates.noindex/RSMS.build/Debug-iphonesimulator/RSMS.build/Objects-normal/arm64/RSMS.swiftmodule -validate-clang-modules-once -clang-build-session-file /Users/unnattigogna/Library/Developer/Xcode/DerivedData/ModuleCache.noindex/Session.modulevalidation -Xcc -I/Users/unnattigogna/Library/Developer/Xcode/DerivedData/RSMS-dklymtogvabdewaamiwrvzksyjwn/Build/Intermediates.noindex/RSMS.build/Debug-iphonesimulator/RSMS.build/swift-overrides.hmap -emit-const-values -Xfrontend -const-gather-protocols-file -Xfrontend /Users/unnattigogna/Library/Developer/Xcode/DerivedData/RSMS-dklymtogvabdewaamiwrvzksyjwn/Build/Intermediates.noindex/RSMS.build/Debug-iphonesimulator/RSMS.build/Objects-normal/arm64/RSMS_const_extract_protocols.json -Xcc -iquote -Xcc /Users/unnattigogna/Library/Developer/Xcode/DerivedData/RSMS-dklymtogvabdewaamiwrvzksyjwn/Build/Intermediates.noindex/RSMS.build/Debug-iphonesimulator/RSMS.build/RSMS-generated-files.hmap -Xcc -I/Users/unnattigogna/Library/Developer/Xcode/DerivedData/RSMS-dklymtogvabdewaamiwrvzksyjwn/Build/Intermediates.noindex/RSMS.build/Debug-iphonesimulator/RSMS.build/RSMS-own-target-headers.hmap -Xcc -I/Users/unnattigogna/Library/Developer/Xcode/DerivedData/RSMS-dklymtogvabdewaamiwrvzksyjwn/Build/Intermediates.noindex/RSMS.build/Debug-iphonesimulator/RSMS.build/RSMS-all-non-framework-target-headers.hmap -Xcc -ivfsoverlay -Xcc /Users/unnattigogna/Library/Developer/Xcode/DerivedData/RSMS-dklymtogvabdewaamiwrvzksyjwn/Build/Intermediates.noindex/RSMS.build/Debug-iphonesimulator/RSMS-20c8144d8fc61d4ec82d88f627d29184-VFS-iphonesimulator/all-product-headers.yaml -Xcc -iquote -Xcc /Users/unnattigogna/Library/Developer/Xcode/DerivedData/RSMS-dklymtogvabdewaamiwrvzksyjwn/Build/Intermediates.noindex/RSMS.build/Debug-iphonesimulator/RSMS.build/RSMS-project-headers.hmap -Xcc -I/Users/unnattigogna/Library/Developer/Xcode/DerivedData/RSMS-dklymtogvabdewaamiwrvzksyjwn/Build/Products/Debug-iphonesimulator/include -Xcc -I/Users/unnattigogna/Library/Developer/Xcode/DerivedData/RSMS-dklymtogvabdewaamiwrvzksyjwn/Build/Intermediates.noindex/RSMS.build/Debug-iphonesimulator/RSMS.build/DerivedSources-normal/arm64 -Xcc -I/Users/unnattigogna/Library/Developer/Xcode/DerivedData/RSMS-dklymtogvabdewaamiwrvzksyjwn/Build/Intermediates.noindex/RSMS.build/Debug-iphonesimulator/RSMS.build/DerivedSources/arm64 -Xcc -I/Users/unnattigogna/Library/Developer/Xcode/DerivedData/RSMS-dklymtogvabdewaamiwrvzksyjwn/Build/Intermediates.noindex/RSMS.build/Debug-iphonesimulator/RSMS.build/DerivedSources -Xcc -DDEBUG\=1 -emit-objc-header -emit-objc-header-path /Users/unnattigogna/Library/Developer/Xcode/DerivedData/RSMS-dklymtogvabdewaamiwrvzksyjwn/Build/Intermediates.noindex/RSMS.build/Debug-iphonesimulator/RSMS.build/Objects-normal/arm64/RSMS-Swift.h -working-directory /Users/unnattigogna/Desktop/Infosys\ Internship/Team08RSMS -experimental-emit-module-separately -disable-cmo
/Users/unnattigogna/Desktop/Infosys Internship/Team08RSMS/RSMS/CorporateAdmin/Views/StoreListView.swift:55:23: error: Expected ',' separator
                    } label: {
                      ^
                     , (in target 'RSMS' from project 'RSMS')

ProcessInfoPlistFile /Users/unnattigogna/Library/Developer/Xcode/DerivedData/RSMS-dklymtogvabdewaamiwrvzksyjwn/Build/Products/Debug-iphonesimulator/RSMS.app/Info.plist /Users/unnattigogna/Library/Developer/Xcode/DerivedData/RSMS-dklymtogvabdewaamiwrvzksyjwn/Build/Intermediates.noindex/RSMS.build/Debug-iphonesimulator/RSMS.build/empty-RSMS.plist (in target 'RSMS' from project 'RSMS')
    cd /Users/unnattigogna/Desktop/Infosys\ Internship/Team08RSMS
    builtin-infoPlistUtility /Users/unnattigogna/Library/Developer/Xcode/DerivedData/RSMS-dklymtogvabdewaamiwrvzksyjwn/Build/Intermediates.noindex/RSMS.build/Debug-iphonesimulator/RSMS.build/empty-RSMS.plist -producttype com.apple.product-type.application -genpkginfo /Users/unnattigogna/Library/Developer/Xcode/DerivedData/RSMS-dklymtogvabdewaamiwrvzksyjwn/Build/Products/Debug-iphonesimulator/RSMS.app/PkgInfo -expandbuildsettings -format binary -platform iphonesimulator -additionalcontentfile /Users/unnattigogna/Library/Developer/Xcode/DerivedData/RSMS-dklymtogvabdewaamiwrvzksyjwn/Build/Intermediates.noindex/RSMS.build/Debug-iphonesimulator/RSMS.build/assetcatalog_generated_info.plist -scanforprivacyfile /Users/unnattigogna/Library/Developer/Xcode/DerivedData/RSMS-dklymtogvabdewaamiwrvzksyjwn/Build/Products/Debug-iphonesimulator/RSMS.app/swift-crypto_Crypto.bundle -o /Users/unnattigogna/Library/Developer/Xcode/DerivedData/RSMS-dklymtogvabdewaamiwrvzksyjwn/Build/Products/Debug-iphonesimulator/RSMS.app/Info.plist

** BUILD FAILED **


The following build commands failed:
	SwiftDriver RSMS normal x86_64 com.apple.xcode.tools.swift.compiler (in target 'RSMS' from project 'RSMS')
	SwiftDriver RSMS normal arm64 com.apple.xcode.tools.swift.compiler (in target 'RSMS' from project 'RSMS')
	Building project RSMS with scheme RSMS
(3 failures)
