Command line invocation:
    /Applications/Xcode.app/Contents/Developer/usr/bin/xcodebuild -scheme RSMS -project /Users/shloka/Team08RSMS/RSMS.xcodeproj build -destination "platform=iOS Simulator,id=23D2121C-663A-478E-B043-2C6327AA397D"

Resolve Package Graph


Resolved source packages:
  swift-http-types: https://github.com/apple/swift-http-types.git @ 1.5.1
  xctest-dynamic-overlay: https://github.com/pointfreeco/xctest-dynamic-overlay @ 1.9.0
  swift-clocks: https://github.com/pointfreeco/swift-clocks @ 1.0.6
  Supabase: https://github.com/supabase/supabase-swift @ 2.44.1
  swift-asn1: https://github.com/apple/swift-asn1.git @ 1.7.0
  swift-concurrency-extras: https://github.com/pointfreeco/swift-concurrency-extras @ 1.3.2
  swift-crypto: https://github.com/apple/swift-crypto.git @ 4.4.0
  RazorpayCheckout: https://github.com/razorpay/razorpay-pod @ 1.5.3

2026-04-29 15:33:56.591 xcodebuild[55120:6402391] [MT] IDERunDestination: Supported platforms for the buildables in the current scheme is empty.
ComputePackagePrebuildTargetDependencyGraph

Prepare packages

CreateBuildRequest

SendProjectDescription

CreateBuildOperation

ComputeTargetDependencyGraph
note: Building targets in dependency order
note: Target dependency graph (30 targets)
    Target 'RSMS' in project 'RSMS'
        ➜ Explicit dependency on target 'RazorpayCheckout' in project 'RazorpayCheckout'
        ➜ Explicit dependency on target 'Supabase' in project 'Supabase'
        ➜ Explicit dependency on target 'PostgREST' in project 'Supabase'
        ➜ Explicit dependency on target 'Functions' in project 'Supabase'
        ➜ Explicit dependency on target 'Auth' in project 'Supabase'
        ➜ Explicit dependency on target 'Storage' in project 'Supabase'
        ➜ Explicit dependency on target 'Realtime' in project 'Supabase'
    Target 'Realtime' in project 'Supabase'
        ➜ Explicit dependency on target 'Realtime' in project 'Supabase'
        ➜ Explicit dependency on target 'Helpers' in project 'Supabase'
        ➜ Explicit dependency on target 'ConcurrencyExtras' in project 'swift-concurrency-extras'
        ➜ Explicit dependency on target 'HTTPTypes' in project 'swift-http-types'
        ➜ Explicit dependency on target 'Clocks' in project 'swift-clocks'
        ➜ Explicit dependency on target 'XCTestDynamicOverlay' in project 'xctest-dynamic-overlay'
        ➜ Explicit dependency on target 'IssueReporting' in project 'xctest-dynamic-overlay'
    Target 'Storage' in project 'Supabase'
        ➜ Explicit dependency on target 'Storage' in project 'Supabase'
        ➜ Explicit dependency on target 'Helpers' in project 'Supabase'
        ➜ Explicit dependency on target 'ConcurrencyExtras' in project 'swift-concurrency-extras'
        ➜ Explicit dependency on target 'HTTPTypes' in project 'swift-http-types'
        ➜ Explicit dependency on target 'Clocks' in project 'swift-clocks'
        ➜ Explicit dependency on target 'XCTestDynamicOverlay' in project 'xctest-dynamic-overlay'
    Target 'Auth' in project 'Supabase'
        ➜ Explicit dependency on target 'Auth' in project 'Supabase'
        ➜ Explicit dependency on target 'Helpers' in project 'Supabase'
        ➜ Explicit dependency on target 'ConcurrencyExtras' in project 'swift-concurrency-extras'
        ➜ Explicit dependency on target 'HTTPTypes' in project 'swift-http-types'
        ➜ Explicit dependency on target 'Clocks' in project 'swift-clocks'
        ➜ Explicit dependency on target 'XCTestDynamicOverlay' in project 'xctest-dynamic-overlay'
        ➜ Explicit dependency on target 'Crypto' in project 'swift-crypto'
    Target 'Functions' in project 'Supabase'
        ➜ Explicit dependency on target 'Functions' in project 'Supabase'
        ➜ Explicit dependency on target 'Helpers' in project 'Supabase'
        ➜ Explicit dependency on target 'ConcurrencyExtras' in project 'swift-concurrency-extras'
        ➜ Explicit dependency on target 'HTTPTypes' in project 'swift-http-types'
        ➜ Explicit dependency on target 'Clocks' in project 'swift-clocks'
        ➜ Explicit dependency on target 'XCTestDynamicOverlay' in project 'xctest-dynamic-overlay'
    Target 'PostgREST' in project 'Supabase'
        ➜ Explicit dependency on target 'PostgREST' in project 'Supabase'
        ➜ Explicit dependency on target 'Helpers' in project 'Supabase'
        ➜ Explicit dependency on target 'ConcurrencyExtras' in project 'swift-concurrency-extras'
        ➜ Explicit dependency on target 'HTTPTypes' in project 'swift-http-types'
        ➜ Explicit dependency on target 'Clocks' in project 'swift-clocks'
        ➜ Explicit dependency on target 'XCTestDynamicOverlay' in project 'xctest-dynamic-overlay'
    Target 'Supabase' in project 'Supabase'
        ➜ Explicit dependency on target 'Supabase' in project 'Supabase'
        ➜ Explicit dependency on target 'Helpers' in project 'Supabase'
        ➜ Explicit dependency on target 'Auth' in project 'Supabase'
        ➜ Explicit dependency on target 'Functions' in project 'Supabase'
        ➜ Explicit dependency on target 'PostgREST' in project 'Supabase'
        ➜ Explicit dependency on target 'Realtime' in project 'Supabase'
        ➜ Explicit dependency on target 'Storage' in project 'Supabase'
        ➜ Explicit dependency on target 'ConcurrencyExtras' in project 'swift-concurrency-extras'
        ➜ Explicit dependency on target 'HTTPTypes' in project 'swift-http-types'
        ➜ Explicit dependency on target 'Clocks' in project 'swift-clocks'
        ➜ Explicit dependency on target 'XCTestDynamicOverlay' in project 'xctest-dynamic-overlay'
        ➜ Explicit dependency on target 'Crypto' in project 'swift-crypto'
        ➜ Explicit dependency on target 'IssueReporting' in project 'xctest-dynamic-overlay'
    Target 'Supabase' in project 'Supabase'
        ➜ Explicit dependency on target 'Helpers' in project 'Supabase'
        ➜ Explicit dependency on target 'Auth' in project 'Supabase'
        ➜ Explicit dependency on target 'Functions' in project 'Supabase'
        ➜ Explicit dependency on target 'PostgREST' in project 'Supabase'
        ➜ Explicit dependency on target 'Realtime' in project 'Supabase'
        ➜ Explicit dependency on target 'Storage' in project 'Supabase'
        ➜ Explicit dependency on target 'ConcurrencyExtras' in project 'swift-concurrency-extras'
        ➜ Explicit dependency on target 'HTTPTypes' in project 'swift-http-types'
        ➜ Explicit dependency on target 'Clocks' in project 'swift-clocks'
        ➜ Explicit dependency on target 'XCTestDynamicOverlay' in project 'xctest-dynamic-overlay'
        ➜ Explicit dependency on target 'Crypto' in project 'swift-crypto'
        ➜ Explicit dependency on target 'IssueReporting' in project 'xctest-dynamic-overlay'
    Target 'Storage' in project 'Supabase'
        ➜ Explicit dependency on target 'Helpers' in project 'Supabase'
        ➜ Explicit dependency on target 'ConcurrencyExtras' in project 'swift-concurrency-extras'
        ➜ Explicit dependency on target 'HTTPTypes' in project 'swift-http-types'
        ➜ Explicit dependency on target 'Clocks' in project 'swift-clocks'
        ➜ Explicit dependency on target 'XCTestDynamicOverlay' in project 'xctest-dynamic-overlay'
    Target 'Realtime' in project 'Supabase'
        ➜ Explicit dependency on target 'Helpers' in project 'Supabase'
        ➜ Explicit dependency on target 'ConcurrencyExtras' in project 'swift-concurrency-extras'
        ➜ Explicit dependency on target 'HTTPTypes' in project 'swift-http-types'
        ➜ Explicit dependency on target 'Clocks' in project 'swift-clocks'
        ➜ Explicit dependency on target 'XCTestDynamicOverlay' in project 'xctest-dynamic-overlay'
        ➜ Explicit dependency on target 'IssueReporting' in project 'xctest-dynamic-overlay'
    Target 'PostgREST' in project 'Supabase'
        ➜ Explicit dependency on target 'Helpers' in project 'Supabase'
        ➜ Explicit dependency on target 'ConcurrencyExtras' in project 'swift-concurrency-extras'
        ➜ Explicit dependency on target 'HTTPTypes' in project 'swift-http-types'
        ➜ Explicit dependency on target 'Clocks' in project 'swift-clocks'
        ➜ Explicit dependency on target 'XCTestDynamicOverlay' in project 'xctest-dynamic-overlay'
    Target 'Functions' in project 'Supabase'
        ➜ Explicit dependency on target 'Helpers' in project 'Supabase'
        ➜ Explicit dependency on target 'ConcurrencyExtras' in project 'swift-concurrency-extras'
        ➜ Explicit dependency on target 'HTTPTypes' in project 'swift-http-types'
        ➜ Explicit dependency on target 'Clocks' in project 'swift-clocks'
        ➜ Explicit dependency on target 'XCTestDynamicOverlay' in project 'xctest-dynamic-overlay'
    Target 'Auth' in project 'Supabase'
        ➜ Explicit dependency on target 'Helpers' in project 'Supabase'
        ➜ Explicit dependency on target 'ConcurrencyExtras' in project 'swift-concurrency-extras'
        ➜ Explicit dependency on target 'HTTPTypes' in project 'swift-http-types'
        ➜ Explicit dependency on target 'Clocks' in project 'swift-clocks'
        ➜ Explicit dependency on target 'XCTestDynamicOverlay' in project 'xctest-dynamic-overlay'
        ➜ Explicit dependency on target 'Crypto' in project 'swift-crypto'
    Target 'Crypto' in project 'swift-crypto'
        ➜ Explicit dependency on target 'Crypto' in project 'swift-crypto'
        ➜ Explicit dependency on target 'swift-crypto_Crypto' in project 'swift-crypto'
    Target 'Crypto' in project 'swift-crypto'
        ➜ Explicit dependency on target 'swift-crypto_Crypto' in project 'swift-crypto'
    Target 'swift-crypto_Crypto' in project 'swift-crypto' (no dependencies)
    Target 'Helpers' in project 'Supabase'
        ➜ Explicit dependency on target 'ConcurrencyExtras' in project 'swift-concurrency-extras'
        ➜ Explicit dependency on target 'HTTPTypes' in project 'swift-http-types'
        ➜ Explicit dependency on target 'Clocks' in project 'swift-clocks'
        ➜ Explicit dependency on target 'XCTestDynamicOverlay' in project 'xctest-dynamic-overlay'
    Target 'XCTestDynamicOverlay' in project 'xctest-dynamic-overlay'
        ➜ Explicit dependency on target 'XCTestDynamicOverlay' in project 'xctest-dynamic-overlay'
        ➜ Explicit dependency on target 'IssueReportingPackageSupport' in project 'xctest-dynamic-overlay'
        ➜ Explicit dependency on target 'IssueReporting' in project 'xctest-dynamic-overlay'
    Target 'XCTestDynamicOverlay' in project 'xctest-dynamic-overlay'
        ➜ Explicit dependency on target 'IssueReportingPackageSupport' in project 'xctest-dynamic-overlay'
        ➜ Explicit dependency on target 'IssueReporting' in project 'xctest-dynamic-overlay'
    Target 'Clocks' in project 'swift-clocks'
        ➜ Explicit dependency on target 'Clocks' in project 'swift-clocks'
        ➜ Explicit dependency on target 'ConcurrencyExtras' in project 'swift-concurrency-extras'
        ➜ Explicit dependency on target 'IssueReporting' in project 'xctest-dynamic-overlay'
    Target 'Clocks' in project 'swift-clocks'
        ➜ Explicit dependency on target 'ConcurrencyExtras' in project 'swift-concurrency-extras'
        ➜ Explicit dependency on target 'IssueReporting' in project 'xctest-dynamic-overlay'
    Target 'IssueReporting' in project 'xctest-dynamic-overlay'
        ➜ Explicit dependency on target 'IssueReporting' in project 'xctest-dynamic-overlay'
        ➜ Explicit dependency on target 'IssueReportingPackageSupport' in project 'xctest-dynamic-overlay'
    Target 'IssueReporting' in project 'xctest-dynamic-overlay'
        ➜ Explicit dependency on target 'IssueReportingPackageSupport' in project 'xctest-dynamic-overlay'
    Target 'IssueReportingPackageSupport' in project 'xctest-dynamic-overlay' (no dependencies)
    Target 'HTTPTypes' in project 'swift-http-types'
        ➜ Explicit dependency on target 'HTTPTypes' in project 'swift-http-types'
    Target 'HTTPTypes' in project 'swift-http-types' (no dependencies)
    Target 'ConcurrencyExtras' in project 'swift-concurrency-extras'
        ➜ Explicit dependency on target 'ConcurrencyExtras' in project 'swift-concurrency-extras'
    Target 'ConcurrencyExtras' in project 'swift-concurrency-extras' (no dependencies)
    Target 'RazorpayCheckout' in project 'RazorpayCheckout'
        ➜ Explicit dependency on target 'RazorpayCheckout' in project 'RazorpayCheckout'
    Target 'RazorpayCheckout' in project 'RazorpayCheckout' (no dependencies)

GatherProvisioningInputs

CreateBuildDescription

ExecuteExternalTool /Applications/Xcode.app/Contents/Developer/Toolchains/XcodeDefault.xctoolchain/usr/bin/swiftc --version

ExecuteExternalTool /Applications/Xcode.app/Contents/Developer/Toolchains/XcodeDefault.xctoolchain/usr/bin/clang -v -E -dM -isysroot /Applications/Xcode.app/Contents/Developer/Platforms/iPhoneSimulator.platform/Developer/SDKs/iPhoneSimulator26.2.sdk -x c -c /dev/null

ExecuteExternalTool /Applications/Xcode.app/Contents/Developer/usr/bin/actool --print-asset-tag-combinations --output-format xml1 /Users/shloka/Team08RSMS/RSMS/Assets.xcassets

ExecuteExternalTool /Applications/Xcode.app/Contents/Developer/usr/bin/actool --version --output-format xml1

ExecuteExternalTool /Applications/Xcode.app/Contents/Developer/Toolchains/XcodeDefault.xctoolchain/usr/bin/ld -version_details

ReadFileContents /Applications/Xcode.app/Contents/Developer/Toolchains/XcodeDefault.xctoolchain/usr/share/docc/features.json

Build description signature: 06e8a4c71953fb3d14594aea58d13dc1
Build description path: /Users/shloka/Library/Developer/Xcode/DerivedData/RSMS-cejbywzpbijgmyfyvdgwugumajew/Build/Intermediates.noindex/XCBuildData/06e8a4c71953fb3d14594aea58d13dc1.xcbuilddata
ClangStatCache /Applications/Xcode.app/Contents/Developer/Toolchains/XcodeDefault.xctoolchain/usr/bin/clang-stat-cache /Applications/Xcode.app/Contents/Developer/Platforms/iPhoneSimulator.platform/Developer/SDKs/iPhoneSimulator26.2.sdk /Users/shloka/Library/Developer/Xcode/DerivedData/SDKStatCaches.noindex/iphonesimulator26.2-23C53-7d00a8b37fbd7999ea79df8ebc024bf0.sdkstatcache
    cd /Users/shloka/Team08RSMS/RSMS.xcodeproj
    /Applications/Xcode.app/Contents/Developer/Toolchains/XcodeDefault.xctoolchain/usr/bin/clang-stat-cache /Applications/Xcode.app/Contents/Developer/Platforms/iPhoneSimulator.platform/Developer/SDKs/iPhoneSimulator26.2.sdk -o /Users/shloka/Library/Developer/Xcode/DerivedData/SDKStatCaches.noindex/iphonesimulator26.2-23C53-7d00a8b37fbd7999ea79df8ebc024bf0.sdkstatcache

ProcessInfoPlistFile /Users/shloka/Library/Developer/Xcode/DerivedData/RSMS-cejbywzpbijgmyfyvdgwugumajew/Build/Products/Debug-iphonesimulator/swift-crypto_Crypto.bundle/Info.plist /Users/shloka/Library/Developer/Xcode/DerivedData/RSMS-cejbywzpbijgmyfyvdgwugumajew/Build/Intermediates.noindex/swift-crypto.build/Debug-iphonesimulator/swift-crypto_Crypto.build/empty-swift-crypto_Crypto.plist (in target 'swift-crypto_Crypto' from project 'swift-crypto')
    cd /Users/shloka/Library/Developer/Xcode/DerivedData/RSMS-cejbywzpbijgmyfyvdgwugumajew/SourcePackages/checkouts/swift-crypto
    builtin-infoPlistUtility /Users/shloka/Library/Developer/Xcode/DerivedData/RSMS-cejbywzpbijgmyfyvdgwugumajew/Build/Intermediates.noindex/swift-crypto.build/Debug-iphonesimulator/swift-crypto_Crypto.build/empty-swift-crypto_Crypto.plist -producttype com.apple.product-type.bundle -expandbuildsettings -format binary -platform iphonesimulator -o /Users/shloka/Library/Developer/Xcode/DerivedData/RSMS-cejbywzpbijgmyfyvdgwugumajew/Build/Products/Debug-iphonesimulator/swift-crypto_Crypto.bundle/Info.plist

ProcessProductPackaging "" /Users/shloka/Library/Developer/Xcode/DerivedData/RSMS-cejbywzpbijgmyfyvdgwugumajew/Build/Intermediates.noindex/RSMS.build/Debug-iphonesimulator/RSMS.build/RSMS.app-Simulated.xcent (in target 'RSMS' from project 'RSMS')
    cd /Users/shloka/Team08RSMS
    
    Entitlements:
    
    {
    "application-identifier" = "R48J2485DY.dnyaneshwari.gogawale.RSMS01234";
}
    
    builtin-productPackagingUtility -entitlements -format xml -o /Users/shloka/Library/Developer/Xcode/DerivedData/RSMS-cejbywzpbijgmyfyvdgwugumajew/Build/Intermediates.noindex/RSMS.build/Debug-iphonesimulator/RSMS.build/RSMS.app-Simulated.xcent

ProcessProductPackagingDER /Users/shloka/Library/Developer/Xcode/DerivedData/RSMS-cejbywzpbijgmyfyvdgwugumajew/Build/Intermediates.noindex/RSMS.build/Debug-iphonesimulator/RSMS.build/RSMS.app-Simulated.xcent /Users/shloka/Library/Developer/Xcode/DerivedData/RSMS-cejbywzpbijgmyfyvdgwugumajew/Build/Intermediates.noindex/RSMS.build/Debug-iphonesimulator/RSMS.build/RSMS.app-Simulated.xcent.der (in target 'RSMS' from project 'RSMS')
    cd /Users/shloka/Team08RSMS
    /usr/bin/derq query -f xml -i /Users/shloka/Library/Developer/Xcode/DerivedData/RSMS-cejbywzpbijgmyfyvdgwugumajew/Build/Intermediates.noindex/RSMS.build/Debug-iphonesimulator/RSMS.build/RSMS.app-Simulated.xcent -o /Users/shloka/Library/Developer/Xcode/DerivedData/RSMS-cejbywzpbijgmyfyvdgwugumajew/Build/Intermediates.noindex/RSMS.build/Debug-iphonesimulator/RSMS.build/RSMS.app-Simulated.xcent.der --raw

Ld /Users/shloka/Library/Developer/Xcode/DerivedData/RSMS-cejbywzpbijgmyfyvdgwugumajew/Build/Products/Debug-iphonesimulator/RSMS.app/RSMS.debug.dylib normal (in target 'RSMS' from project 'RSMS')
    cd /Users/shloka/Team08RSMS
    /Applications/Xcode.app/Contents/Developer/Toolchains/XcodeDefault.xctoolchain/usr/bin/clang -Xlinker -reproducible -target arm64-apple-ios26.2-simulator -dynamiclib -isysroot /Applications/Xcode.app/Contents/Developer/Platforms/iPhoneSimulator.platform/Developer/SDKs/iPhoneSimulator26.2.sdk -O0 -L/Users/shloka/Library/Developer/Xcode/DerivedData/RSMS-cejbywzpbijgmyfyvdgwugumajew/Build/Intermediates.noindex/EagerLinkingTBDs/Debug-iphonesimulator -L/Users/shloka/Library/Developer/Xcode/DerivedData/RSMS-cejbywzpbijgmyfyvdgwugumajew/Build/Products/Debug-iphonesimulator -F/Users/shloka/Library/Developer/Xcode/DerivedData/RSMS-cejbywzpbijgmyfyvdgwugumajew/Build/Intermediates.noindex/EagerLinkingTBDs/Debug-iphonesimulator -F/Users/shloka/Library/Developer/Xcode/DerivedData/RSMS-cejbywzpbijgmyfyvdgwugumajew/Build/Products/Debug-iphonesimulator/PackageFrameworks -F/Users/shloka/Library/Developer/Xcode/DerivedData/RSMS-cejbywzpbijgmyfyvdgwugumajew/Build/Products/Debug-iphonesimulator/PackageFrameworks -F/Users/shloka/Library/Developer/Xcode/DerivedData/RSMS-cejbywzpbijgmyfyvdgwugumajew/Build/Products/Debug-iphonesimulator/PackageFrameworks -F/Users/shloka/Library/Developer/Xcode/DerivedData/RSMS-cejbywzpbijgmyfyvdgwugumajew/Build/Products/Debug-iphonesimulator/PackageFrameworks -F/Users/shloka/Library/Developer/Xcode/DerivedData/RSMS-cejbywzpbijgmyfyvdgwugumajew/Build/Products/Debug-iphonesimulator/PackageFrameworks -F/Users/shloka/Library/Developer/Xcode/DerivedData/RSMS-cejbywzpbijgmyfyvdgwugumajew/Build/Products/Debug-iphonesimulator/PackageFrameworks -F/Users/shloka/Library/Developer/Xcode/DerivedData/RSMS-cejbywzpbijgmyfyvdgwugumajew/Build/Products/Debug-iphonesimulator/PackageFrameworks -F/Users/shloka/Library/Developer/Xcode/DerivedData/RSMS-cejbywzpbijgmyfyvdgwugumajew/Build/Products/Debug-iphonesimulator/PackageFrameworks -F/Users/shloka/Library/Developer/Xcode/DerivedData/RSMS-cejbywzpbijgmyfyvdgwugumajew/Build/Products/Debug-iphonesimulator/PackageFrameworks -F/Users/shloka/Library/Developer/Xcode/DerivedData/RSMS-cejbywzpbijgmyfyvdgwugumajew/Build/Products/Debug-iphonesimulator/PackageFrameworks -F/Users/shloka/Library/Developer/Xcode/DerivedData/RSMS-cejbywzpbijgmyfyvdgwugumajew/Build/Products/Debug-iphonesimulator/PackageFrameworks -F/Users/shloka/Library/Developer/Xcode/DerivedData/RSMS-cejbywzpbijgmyfyvdgwugumajew/Build/Products/Debug-iphonesimulator/PackageFrameworks -F/Users/shloka/Library/Developer/Xcode/DerivedData/RSMS-cejbywzpbijgmyfyvdgwugumajew/Build/Products/Debug-iphonesimulator/PackageFrameworks -F/Users/shloka/Library/Developer/Xcode/DerivedData/RSMS-cejbywzpbijgmyfyvdgwugumajew/Build/Products/Debug-iphonesimulator/PackageFrameworks -F/Users/shloka/Library/Developer/Xcode/DerivedData/RSMS-cejbywzpbijgmyfyvdgwugumajew/Build/Products/Debug-iphonesimulator/PackageFrameworks -F/Users/shloka/Library/Developer/Xcode/DerivedData/RSMS-cejbywzpbijgmyfyvdgwugumajew/Build/Products/Debug-iphonesimulator -filelist /Users/shloka/Library/Developer/Xcode/DerivedData/RSMS-cejbywzpbijgmyfyvdgwugumajew/Build/Intermediates.noindex/RSMS.build/Debug-iphonesimulator/RSMS.build/Objects-normal/arm64/RSMS.LinkFileList -install_name @rpath/RSMS.debug.dylib -Xlinker -rpath -Xlinker /Users/shloka/Library/Developer/Xcode/DerivedData/RSMS-cejbywzpbijgmyfyvdgwugumajew/Build/Products/Debug-iphonesimulator/PackageFrameworks -Xlinker -rpath -Xlinker @executable_path/Frameworks -dead_strip -Xlinker -object_path_lto -Xlinker /Users/shloka/Library/Developer/Xcode/DerivedData/RSMS-cejbywzpbijgmyfyvdgwugumajew/Build/Intermediates.noindex/RSMS.build/Debug-iphonesimulator/RSMS.build/Objects-normal/arm64/RSMS_lto.o -rdynamic -Xlinker -no_deduplicate -Xlinker -objc_abi_version -Xlinker 2 -Xlinker -dependency_info -Xlinker /Users/shloka/Library/Developer/Xcode/DerivedData/RSMS-cejbywzpbijgmyfyvdgwugumajew/Build/Intermediates.noindex/RSMS.build/Debug-iphonesimulator/RSMS.build/Objects-normal/arm64/RSMS_dependency_info.dat -fobjc-link-runtime -L/Applications/Xcode.app/Contents/Developer/Toolchains/XcodeDefault.xctoolchain/usr/lib/swift/iphonesimulator -L/usr/lib/swift -Xlinker -add_ast_path -Xlinker /Users/shloka/Library/Developer/Xcode/DerivedData/RSMS-cejbywzpbijgmyfyvdgwugumajew/Build/Intermediates.noindex/RSMS.build/Debug-iphonesimulator/RSMS.build/Objects-normal/arm64/RSMS.swiftmodule @/Users/shloka/Library/Developer/Xcode/DerivedData/RSMS-cejbywzpbijgmyfyvdgwugumajew/Build/Intermediates.noindex/RSMS.build/Debug-iphonesimulator/RSMS.build/Objects-normal/arm64/RSMS-linker-args.resp -Wl,-no_warn_duplicate_libraries -Wl,-no_warn_duplicate_libraries -Wl,-no_warn_duplicate_libraries -Wl,-no_warn_duplicate_libraries -Wl,-no_warn_duplicate_libraries -Wl,-no_warn_duplicate_libraries -Wl,-no_warn_duplicate_libraries -Wl,-no_warn_duplicate_libraries -Wl,-no_warn_duplicate_libraries -Wl,-no_warn_duplicate_libraries -Wl,-no_warn_duplicate_libraries -Wl,-no_warn_duplicate_libraries -Wl,-no_warn_duplicate_libraries -Wl,-no_warn_duplicate_libraries -Wl,-no_warn_duplicate_libraries -Xlinker -alias -Xlinker _main -Xlinker ___debug_main_executable_dylib_entry_point -framework Razorpay -framework RazorpayCore -framework RazorpayStandard -framework Razorpay -framework RazorpayCore -framework RazorpayStandard -Xlinker -no_adhoc_codesign -o /Users/shloka/Library/Developer/Xcode/DerivedData/RSMS-cejbywzpbijgmyfyvdgwugumajew/Build/Products/Debug-iphonesimulator/RSMS.app/RSMS.debug.dylib -Xlinker -add_ast_path -Xlinker /Users/shloka/Library/Developer/Xcode/DerivedData/RSMS-cejbywzpbijgmyfyvdgwugumajew/Build/Intermediates.noindex/RazorpayCheckout.build/Debug-iphonesimulator/RazorpayCheckout.build/Objects-normal/arm64/RazorpayCheckout.swiftmodule @/Users/shloka/Library/Developer/Xcode/DerivedData/RSMS-cejbywzpbijgmyfyvdgwugumajew/Build/Intermediates.noindex/RazorpayCheckout.build/Debug-iphonesimulator/RazorpayCheckout.build/Objects-normal/arm64/RazorpayCheckout-linker-args.resp -Xlinker -add_ast_path -Xlinker /Users/shloka/Library/Developer/Xcode/DerivedData/RSMS-cejbywzpbijgmyfyvdgwugumajew/Build/Intermediates.noindex/Supabase.build/Debug-iphonesimulator/Supabase.build/Objects-normal/arm64/Supabase.swiftmodule @/Users/shloka/Library/Developer/Xcode/DerivedData/RSMS-cejbywzpbijgmyfyvdgwugumajew/Build/Intermediates.noindex/Supabase.build/Debug-iphonesimulator/Supabase.build/Objects-normal/arm64/Supabase-linker-args.resp -Xlinker -add_ast_path -Xlinker /Users/shloka/Library/Developer/Xcode/DerivedData/RSMS-cejbywzpbijgmyfyvdgwugumajew/Build/Intermediates.noindex/swift-concurrency-extras.build/Debug-iphonesimulator/ConcurrencyExtras.build/Objects-normal/arm64/ConcurrencyExtras.swiftmodule @/Users/shloka/Library/Developer/Xcode/DerivedData/RSMS-cejbywzpbijgmyfyvdgwugumajew/Build/Intermediates.noindex/swift-concurrency-extras.build/Debug-iphonesimulator/ConcurrencyExtras.build/Objects-normal/arm64/ConcurrencyExtras-linker-args.resp -Xlinker -add_ast_path -Xlinker /Users/shloka/Library/Developer/Xcode/DerivedData/RSMS-cejbywzpbijgmyfyvdgwugumajew/Build/Intermediates.noindex/swift-http-types.build/Debug-iphonesimulator/HTTPTypes.build/Objects-normal/arm64/HTTPTypes.swiftmodule @/Users/shloka/Library/Developer/Xcode/DerivedData/RSMS-cejbywzpbijgmyfyvdgwugumajew/Build/Intermediates.noindex/swift-http-types.build/Debug-iphonesimulator/HTTPTypes.build/Objects-normal/arm64/HTTPTypes-linker-args.resp -Xlinker -add_ast_path -Xlinker /Users/shloka/Library/Developer/Xcode/DerivedData/RSMS-cejbywzpbijgmyfyvdgwugumajew/Build/Intermediates.noindex/swift-clocks.build/Debug-iphonesimulator/Clocks.build/Objects-normal/arm64/Clocks.swiftmodule @/Users/shloka/Library/Developer/Xcode/DerivedData/RSMS-cejbywzpbijgmyfyvdgwugumajew/Build/Intermediates.noindex/swift-clocks.build/Debug-iphonesimulator/Clocks.build/Objects-normal/arm64/Clocks-linker-args.resp -Xlinker -add_ast_path -Xlinker /Users/shloka/Library/Developer/Xcode/DerivedData/RSMS-cejbywzpbijgmyfyvdgwugumajew/Build/Intermediates.noindex/xctest-dynamic-overlay.build/Debug-iphonesimulator/IssueReporting.build/Objects-normal/arm64/IssueReporting.swiftmodule @/Users/shloka/Library/Developer/Xcode/DerivedData/RSMS-cejbywzpbijgmyfyvdgwugumajew/Build/Intermediates.noindex/xctest-dynamic-overlay.build/Debug-iphonesimulator/IssueReporting.build/Objects-normal/arm64/IssueReporting-linker-args.resp -Xlinker -add_ast_path -Xlinker /Users/shloka/Library/Developer/Xcode/DerivedData/RSMS-cejbywzpbijgmyfyvdgwugumajew/Build/Intermediates.noindex/xctest-dynamic-overlay.build/Debug-iphonesimulator/IssueReportingPackageSupport.build/Objects-normal/arm64/IssueReportingPackageSupport.swiftmodule @/Users/shloka/Library/Developer/Xcode/DerivedData/RSMS-cejbywzpbijgmyfyvdgwugumajew/Build/Intermediates.noindex/xctest-dynamic-overlay.build/Debug-iphonesimulator/IssueReportingPackageSupport.build/Objects-normal/arm64/IssueReportingPackageSupport-linker-args.resp -Xlinker -add_ast_path -Xlinker /Users/shloka/Library/Developer/Xcode/DerivedData/RSMS-cejbywzpbijgmyfyvdgwugumajew/Build/Intermediates.noindex/xctest-dynamic-overlay.build/Debug-iphonesimulator/XCTestDynamicOverlay.build/Objects-normal/arm64/XCTestDynamicOverlay.swiftmodule @/Users/shloka/Library/Developer/Xcode/DerivedData/RSMS-cejbywzpbijgmyfyvdgwugumajew/Build/Intermediates.noindex/xctest-dynamic-overlay.build/Debug-iphonesimulator/XCTestDynamicOverlay.build/Objects-normal/arm64/XCTestDynamicOverlay-linker-args.resp -Xlinker -add_ast_path -Xlinker /Users/shloka/Library/Developer/Xcode/DerivedData/RSMS-cejbywzpbijgmyfyvdgwugumajew/Build/Intermediates.noindex/Supabase.build/Debug-iphonesimulator/Helpers.build/Objects-normal/arm64/Helpers.swiftmodule @/Users/shloka/Library/Developer/Xcode/DerivedData/RSMS-cejbywzpbijgmyfyvdgwugumajew/Build/Intermediates.noindex/Supabase.build/Debug-iphonesimulator/Helpers.build/Objects-normal/arm64/Helpers-linker-args.resp -Xlinker -add_ast_path -Xlinker /Users/shloka/Library/Developer/Xcode/DerivedData/RSMS-cejbywzpbijgmyfyvdgwugumajew/Build/Intermediates.noindex/swift-crypto.build/Debug-iphonesimulator/Crypto.build/Objects-normal/arm64/Crypto.swiftmodule @/Users/shloka/Library/Developer/Xcode/DerivedData/RSMS-cejbywzpbijgmyfyvdgwugumajew/Build/Intermediates.noindex/swift-crypto.build/Debug-iphonesimulator/Crypto.build/Objects-normal/arm64/Crypto-linker-args.resp -Xlinker -add_ast_path -Xlinker /Users/shloka/Library/Developer/Xcode/DerivedData/RSMS-cejbywzpbijgmyfyvdgwugumajew/Build/Intermediates.noindex/Supabase.build/Debug-iphonesimulator/Auth.build/Objects-normal/arm64/Auth.swiftmodule @/Users/shloka/Library/Developer/Xcode/DerivedData/RSMS-cejbywzpbijgmyfyvdgwugumajew/Build/Intermediates.noindex/Supabase.build/Debug-iphonesimulator/Auth.build/Objects-normal/arm64/Auth-linker-args.resp -Xlinker -add_ast_path -Xlinker /Users/shloka/Library/Developer/Xcode/DerivedData/RSMS-cejbywzpbijgmyfyvdgwugumajew/Build/Intermediates.noindex/Supabase.build/Debug-iphonesimulator/Functions.build/Objects-normal/arm64/Functions.swiftmodule @/Users/shloka/Library/Developer/Xcode/DerivedData/RSMS-cejbywzpbijgmyfyvdgwugumajew/Build/Intermediates.noindex/Supabase.build/Debug-iphonesimulator/Functions.build/Objects-normal/arm64/Functions-linker-args.resp -Xlinker -add_ast_path -Xlinker /Users/shloka/Library/Developer/Xcode/DerivedData/RSMS-cejbywzpbijgmyfyvdgwugumajew/Build/Intermediates.noindex/Supabase.build/Debug-iphonesimulator/PostgREST.build/Objects-normal/arm64/PostgREST.swiftmodule @/Users/shloka/Library/Developer/Xcode/DerivedData/RSMS-cejbywzpbijgmyfyvdgwugumajew/Build/Intermediates.noindex/Supabase.build/Debug-iphonesimulator/PostgREST.build/Objects-normal/arm64/PostgREST-linker-args.resp -Xlinker -add_ast_path -Xlinker /Users/shloka/Library/Developer/Xcode/DerivedData/RSMS-cejbywzpbijgmyfyvdgwugumajew/Build/Intermediates.noindex/Supabase.build/Debug-iphonesimulator/Realtime.build/Objects-normal/arm64/Realtime.swiftmodule @/Users/shloka/Library/Developer/Xcode/DerivedData/RSMS-cejbywzpbijgmyfyvdgwugumajew/Build/Intermediates.noindex/Supabase.build/Debug-iphonesimulator/Realtime.build/Objects-normal/arm64/Realtime-linker-args.resp -Xlinker -add_ast_path -Xlinker /Users/shloka/Library/Developer/Xcode/DerivedData/RSMS-cejbywzpbijgmyfyvdgwugumajew/Build/Intermediates.noindex/Supabase.build/Debug-iphonesimulator/Storage.build/Objects-normal/arm64/Storage.swiftmodule @/Users/shloka/Library/Developer/Xcode/DerivedData/RSMS-cejbywzpbijgmyfyvdgwugumajew/Build/Intermediates.noindex/Supabase.build/Debug-iphonesimulator/Storage.build/Objects-normal/arm64/Storage-linker-args.resp

ProcessInfoPlistFile /Users/shloka/Library/Developer/Xcode/DerivedData/RSMS-cejbywzpbijgmyfyvdgwugumajew/Build/Products/Debug-iphonesimulator/RSMS.app/Info.plist /Users/shloka/Library/Developer/Xcode/DerivedData/RSMS-cejbywzpbijgmyfyvdgwugumajew/Build/Intermediates.noindex/RSMS.build/Debug-iphonesimulator/RSMS.build/empty-RSMS.plist (in target 'RSMS' from project 'RSMS')
    cd /Users/shloka/Team08RSMS
    builtin-infoPlistUtility /Users/shloka/Library/Developer/Xcode/DerivedData/RSMS-cejbywzpbijgmyfyvdgwugumajew/Build/Intermediates.noindex/RSMS.build/Debug-iphonesimulator/RSMS.build/empty-RSMS.plist -producttype com.apple.product-type.application -genpkginfo /Users/shloka/Library/Developer/Xcode/DerivedData/RSMS-cejbywzpbijgmyfyvdgwugumajew/Build/Products/Debug-iphonesimulator/RSMS.app/PkgInfo -expandbuildsettings -format binary -platform iphonesimulator -additionalcontentfile /Users/shloka/Library/Developer/Xcode/DerivedData/RSMS-cejbywzpbijgmyfyvdgwugumajew/Build/Intermediates.noindex/RSMS.build/Debug-iphonesimulator/RSMS.build/assetcatalog_generated_info.plist -scanforprivacyfile /Users/shloka/Library/Developer/Xcode/DerivedData/RSMS-cejbywzpbijgmyfyvdgwugumajew/Build/Products/Debug-iphonesimulator/RSMS.app/Frameworks/Razorpay.framework -scanforprivacyfile /Users/shloka/Library/Developer/Xcode/DerivedData/RSMS-cejbywzpbijgmyfyvdgwugumajew/Build/Products/Debug-iphonesimulator/RSMS.app/Frameworks/RazorpayCore.framework -scanforprivacyfile /Users/shloka/Library/Developer/Xcode/DerivedData/RSMS-cejbywzpbijgmyfyvdgwugumajew/Build/Products/Debug-iphonesimulator/RSMS.app/Frameworks/RazorpayStandard.framework -scanforprivacyfile /Users/shloka/Library/Developer/Xcode/DerivedData/RSMS-cejbywzpbijgmyfyvdgwugumajew/Build/Products/Debug-iphonesimulator/RSMS.app/swift-crypto_Crypto.bundle -o /Users/shloka/Library/Developer/Xcode/DerivedData/RSMS-cejbywzpbijgmyfyvdgwugumajew/Build/Products/Debug-iphonesimulator/RSMS.app/Info.plist

ConstructStubExecutorLinkFileList /Users/shloka/Library/Developer/Xcode/DerivedData/RSMS-cejbywzpbijgmyfyvdgwugumajew/Build/Intermediates.noindex/RSMS.build/Debug-iphonesimulator/RSMS.build/RSMS-ExecutorLinkFileList-normal-arm64.txt (in target 'RSMS' from project 'RSMS')
    cd /Users/shloka/Team08RSMS
    construct-stub-executor-link-file-list /Users/shloka/Library/Developer/Xcode/DerivedData/RSMS-cejbywzpbijgmyfyvdgwugumajew/Build/Products/Debug-iphonesimulator/RSMS.app/RSMS.debug.dylib /Applications/Xcode.app/Contents/Developer/Platforms/iPhoneSimulator.platform/Developer/usr/lib/libPreviewsJITStubExecutor_no_swift_entry_point.a /Applications/Xcode.app/Contents/Developer/Platforms/iPhoneSimulator.platform/Developer/usr/lib/libPreviewsJITStubExecutor.a --output /Users/shloka/Library/Developer/Xcode/DerivedData/RSMS-cejbywzpbijgmyfyvdgwugumajew/Build/Intermediates.noindex/RSMS.build/Debug-iphonesimulator/RSMS.build/RSMS-ExecutorLinkFileList-normal-arm64.txt
note: Using stub executor library with Swift entry point. (in target 'RSMS' from project 'RSMS')

Ld /Users/shloka/Library/Developer/Xcode/DerivedData/RSMS-cejbywzpbijgmyfyvdgwugumajew/Build/Products/Debug-iphonesimulator/RSMS.app/RSMS normal (in target 'RSMS' from project 'RSMS')
    cd /Users/shloka/Team08RSMS
    /Applications/Xcode.app/Contents/Developer/Toolchains/XcodeDefault.xctoolchain/usr/bin/clang -Xlinker -reproducible -target arm64-apple-ios26.2-simulator -isysroot /Applications/Xcode.app/Contents/Developer/Platforms/iPhoneSimulator.platform/Developer/SDKs/iPhoneSimulator26.2.sdk -O0 -L/Users/shloka/Library/Developer/Xcode/DerivedData/RSMS-cejbywzpbijgmyfyvdgwugumajew/Build/Products/Debug-iphonesimulator -F/Users/shloka/Library/Developer/Xcode/DerivedData/RSMS-cejbywzpbijgmyfyvdgwugumajew/Build/Products/Debug-iphonesimulator/PackageFrameworks -F/Users/shloka/Library/Developer/Xcode/DerivedData/RSMS-cejbywzpbijgmyfyvdgwugumajew/Build/Products/Debug-iphonesimulator/PackageFrameworks -F/Users/shloka/Library/Developer/Xcode/DerivedData/RSMS-cejbywzpbijgmyfyvdgwugumajew/Build/Products/Debug-iphonesimulator/PackageFrameworks -F/Users/shloka/Library/Developer/Xcode/DerivedData/RSMS-cejbywzpbijgmyfyvdgwugumajew/Build/Products/Debug-iphonesimulator/PackageFrameworks -F/Users/shloka/Library/Developer/Xcode/DerivedData/RSMS-cejbywzpbijgmyfyvdgwugumajew/Build/Products/Debug-iphonesimulator/PackageFrameworks -F/Users/shloka/Library/Developer/Xcode/DerivedData/RSMS-cejbywzpbijgmyfyvdgwugumajew/Build/Products/Debug-iphonesimulator/PackageFrameworks -F/Users/shloka/Library/Developer/Xcode/DerivedData/RSMS-cejbywzpbijgmyfyvdgwugumajew/Build/Products/Debug-iphonesimulator/PackageFrameworks -F/Users/shloka/Library/Developer/Xcode/DerivedData/RSMS-cejbywzpbijgmyfyvdgwugumajew/Build/Products/Debug-iphonesimulator/PackageFrameworks -F/Users/shloka/Library/Developer/Xcode/DerivedData/RSMS-cejbywzpbijgmyfyvdgwugumajew/Build/Products/Debug-iphonesimulator/PackageFrameworks -F/Users/shloka/Library/Developer/Xcode/DerivedData/RSMS-cejbywzpbijgmyfyvdgwugumajew/Build/Products/Debug-iphonesimulator/PackageFrameworks -F/Users/shloka/Library/Developer/Xcode/DerivedData/RSMS-cejbywzpbijgmyfyvdgwugumajew/Build/Products/Debug-iphonesimulator/PackageFrameworks -F/Users/shloka/Library/Developer/Xcode/DerivedData/RSMS-cejbywzpbijgmyfyvdgwugumajew/Build/Products/Debug-iphonesimulator/PackageFrameworks -F/Users/shloka/Library/Developer/Xcode/DerivedData/RSMS-cejbywzpbijgmyfyvdgwugumajew/Build/Products/Debug-iphonesimulator/PackageFrameworks -F/Users/shloka/Library/Developer/Xcode/DerivedData/RSMS-cejbywzpbijgmyfyvdgwugumajew/Build/Products/Debug-iphonesimulator/PackageFrameworks -F/Users/shloka/Library/Developer/Xcode/DerivedData/RSMS-cejbywzpbijgmyfyvdgwugumajew/Build/Products/Debug-iphonesimulator/PackageFrameworks -F/Users/shloka/Library/Developer/Xcode/DerivedData/RSMS-cejbywzpbijgmyfyvdgwugumajew/Build/Products/Debug-iphonesimulator -Xlinker -rpath -Xlinker @executable_path -Xlinker -rpath -Xlinker /Users/shloka/Library/Developer/Xcode/DerivedData/RSMS-cejbywzpbijgmyfyvdgwugumajew/Build/Products/Debug-iphonesimulator/PackageFrameworks -Xlinker -rpath -Xlinker @executable_path/Frameworks -rdynamic -Xlinker -no_deduplicate -Xlinker -objc_abi_version -Xlinker 2 -e ___debug_blank_executor_main -Xlinker -sectcreate -Xlinker __TEXT -Xlinker __debug_dylib -Xlinker /Users/shloka/Library/Developer/Xcode/DerivedData/RSMS-cejbywzpbijgmyfyvdgwugumajew/Build/Intermediates.noindex/RSMS.build/Debug-iphonesimulator/RSMS.build/RSMS-DebugDylibPath-normal-arm64.txt -Xlinker -sectcreate -Xlinker __TEXT -Xlinker __debug_instlnm -Xlinker /Users/shloka/Library/Developer/Xcode/DerivedData/RSMS-cejbywzpbijgmyfyvdgwugumajew/Build/Intermediates.noindex/RSMS.build/Debug-iphonesimulator/RSMS.build/RSMS-DebugDylibInstallName-normal-arm64.txt -Xlinker -filelist -Xlinker /Users/shloka/Library/Developer/Xcode/DerivedData/RSMS-cejbywzpbijgmyfyvdgwugumajew/Build/Intermediates.noindex/RSMS.build/Debug-iphonesimulator/RSMS.build/RSMS-ExecutorLinkFileList-normal-arm64.txt -Xlinker -sectcreate -Xlinker __TEXT -Xlinker __entitlements -Xlinker /Users/shloka/Library/Developer/Xcode/DerivedData/RSMS-cejbywzpbijgmyfyvdgwugumajew/Build/Intermediates.noindex/RSMS.build/Debug-iphonesimulator/RSMS.build/RSMS.app-Simulated.xcent -Xlinker -sectcreate -Xlinker __TEXT -Xlinker __ents_der -Xlinker /Users/shloka/Library/Developer/Xcode/DerivedData/RSMS-cejbywzpbijgmyfyvdgwugumajew/Build/Intermediates.noindex/RSMS.build/Debug-iphonesimulator/RSMS.build/RSMS.app-Simulated.xcent.der /Users/shloka/Library/Developer/Xcode/DerivedData/RSMS-cejbywzpbijgmyfyvdgwugumajew/Build/Products/Debug-iphonesimulator/RSMS.app/RSMS.debug.dylib -Xlinker -no_adhoc_codesign -o /Users/shloka/Library/Developer/Xcode/DerivedData/RSMS-cejbywzpbijgmyfyvdgwugumajew/Build/Products/Debug-iphonesimulator/RSMS.app/RSMS

CopySwiftLibs /Users/shloka/Library/Developer/Xcode/DerivedData/RSMS-cejbywzpbijgmyfyvdgwugumajew/Build/Products/Debug-iphonesimulator/RSMS.app (in target 'RSMS' from project 'RSMS')
    cd /Users/shloka/Team08RSMS
    builtin-swiftStdLibTool --copy --verbose --sign - --scan-executable /Users/shloka/Library/Developer/Xcode/DerivedData/RSMS-cejbywzpbijgmyfyvdgwugumajew/Build/Products/Debug-iphonesimulator/RSMS.app/RSMS.debug.dylib --scan-folder /Users/shloka/Library/Developer/Xcode/DerivedData/RSMS-cejbywzpbijgmyfyvdgwugumajew/Build/Products/Debug-iphonesimulator/RSMS.app/Frameworks --scan-folder /Users/shloka/Library/Developer/Xcode/DerivedData/RSMS-cejbywzpbijgmyfyvdgwugumajew/Build/Products/Debug-iphonesimulator/RSMS.app/PlugIns --scan-folder /Users/shloka/Library/Developer/Xcode/DerivedData/RSMS-cejbywzpbijgmyfyvdgwugumajew/Build/Products/Debug-iphonesimulator/RSMS.app/SystemExtensions --scan-folder /Users/shloka/Library/Developer/Xcode/DerivedData/RSMS-cejbywzpbijgmyfyvdgwugumajew/Build/Products/Debug-iphonesimulator/RSMS.app/Extensions --platform iphonesimulator --toolchain /Applications/Xcode.app/Contents/Developer/Toolchains/XcodeDefault.xctoolchain --destination /Users/shloka/Library/Developer/Xcode/DerivedData/RSMS-cejbywzpbijgmyfyvdgwugumajew/Build/Products/Debug-iphonesimulator/RSMS.app/Frameworks --strip-bitcode --strip-bitcode-tool /Applications/Xcode.app/Contents/Developer/Toolchains/XcodeDefault.xctoolchain/usr/bin/bitcode_strip --emit-dependency-info /Users/shloka/Library/Developer/Xcode/DerivedData/RSMS-cejbywzpbijgmyfyvdgwugumajew/Build/Intermediates.noindex/RSMS.build/Debug-iphonesimulator/RSMS.build/SwiftStdLibToolInputDependencies.dep --filter-for-swift-os

ExtractAppIntentsMetadata (in target 'RSMS' from project 'RSMS')
    cd /Users/shloka/Team08RSMS
    /Applications/Xcode.app/Contents/Developer/Toolchains/XcodeDefault.xctoolchain/usr/bin/appintentsmetadataprocessor --toolchain-dir /Applications/Xcode.app/Contents/Developer/Toolchains/XcodeDefault.xctoolchain --module-name RSMS --sdk-root /Applications/Xcode.app/Contents/Developer/Platforms/iPhoneSimulator.platform/Developer/SDKs/iPhoneSimulator26.2.sdk --xcode-version 17C52 --platform-family iOS --deployment-target 26.2 --bundle-identifier dnyaneshwari.gogawale.RSMS01234 --output /Users/shloka/Library/Developer/Xcode/DerivedData/RSMS-cejbywzpbijgmyfyvdgwugumajew/Build/Products/Debug-iphonesimulator/RSMS.app --target-triple arm64-apple-ios26.2-simulator --binary-file /Users/shloka/Library/Developer/Xcode/DerivedData/RSMS-cejbywzpbijgmyfyvdgwugumajew/Build/Products/Debug-iphonesimulator/RSMS.app/RSMS --dependency-file /Users/shloka/Library/Developer/Xcode/DerivedData/RSMS-cejbywzpbijgmyfyvdgwugumajew/Build/Intermediates.noindex/RSMS.build/Debug-iphonesimulator/RSMS.build/Objects-normal/arm64/RSMS_dependency_info.dat --stringsdata-file /Users/shloka/Library/Developer/Xcode/DerivedData/RSMS-cejbywzpbijgmyfyvdgwugumajew/Build/Intermediates.noindex/RSMS.build/Debug-iphonesimulator/RSMS.build/Objects-normal/arm64/ExtractedAppShortcutsMetadata.stringsdata --source-file-list /Users/shloka/Library/Developer/Xcode/DerivedData/RSMS-cejbywzpbijgmyfyvdgwugumajew/Build/Intermediates.noindex/RSMS.build/Debug-iphonesimulator/RSMS.build/Objects-normal/arm64/RSMS.SwiftFileList --metadata-file-list /Users/shloka/Library/Developer/Xcode/DerivedData/RSMS-cejbywzpbijgmyfyvdgwugumajew/Build/Intermediates.noindex/RSMS.build/Debug-iphonesimulator/RSMS.build/RSMS.DependencyMetadataFileList --static-metadata-file-list /Users/shloka/Library/Developer/Xcode/DerivedData/RSMS-cejbywzpbijgmyfyvdgwugumajew/Build/Intermediates.noindex/RSMS.build/Debug-iphonesimulator/RSMS.build/RSMS.DependencyStaticMetadataFileList --swift-const-vals-list /Users/shloka/Library/Developer/Xcode/DerivedData/RSMS-cejbywzpbijgmyfyvdgwugumajew/Build/Intermediates.noindex/RSMS.build/Debug-iphonesimulator/RSMS.build/Objects-normal/arm64/RSMS.SwiftConstValuesFileList --compile-time-extraction --deployment-aware-processing --validate-assistant-intents --no-app-shortcuts-localization
2026-04-29 15:33:58.491 appintentsmetadataprocessor[55234:6403136] Starting appintentsmetadataprocessor export
2026-04-29 15:33:58.492 appintentsmetadataprocessor[55234:6403136] warning: Metadata extraction skipped. No AppIntents.framework dependency found.

CodeSign /Users/shloka/Library/Developer/Xcode/DerivedData/RSMS-cejbywzpbijgmyfyvdgwugumajew/Build/Products/Debug-iphonesimulator/RSMS.app/RSMS.debug.dylib (in target 'RSMS' from project 'RSMS')
    cd /Users/shloka/Team08RSMS
    
    Signing Identity:     "Sign to Run Locally"
    
    /usr/bin/codesign --force --sign - --timestamp\=none --generate-entitlement-der /Users/shloka/Library/Developer/Xcode/DerivedData/RSMS-cejbywzpbijgmyfyvdgwugumajew/Build/Products/Debug-iphonesimulator/RSMS.app/RSMS.debug.dylib

CodeSign /Users/shloka/Library/Developer/Xcode/DerivedData/RSMS-cejbywzpbijgmyfyvdgwugumajew/Build/Products/Debug-iphonesimulator/RSMS.app (in target 'RSMS' from project 'RSMS')
    cd /Users/shloka/Team08RSMS
    
    Signing Identity:     "Sign to Run Locally"
    
    /usr/bin/codesign --force --sign - --timestamp\=none --generate-entitlement-der /Users/shloka/Library/Developer/Xcode/DerivedData/RSMS-cejbywzpbijgmyfyvdgwugumajew/Build/Products/Debug-iphonesimulator/RSMS.app

Validate /Users/shloka/Library/Developer/Xcode/DerivedData/RSMS-cejbywzpbijgmyfyvdgwugumajew/Build/Products/Debug-iphonesimulator/RSMS.app (in target 'RSMS' from project 'RSMS')
    cd /Users/shloka/Team08RSMS
    builtin-validationUtility /Users/shloka/Library/Developer/Xcode/DerivedData/RSMS-cejbywzpbijgmyfyvdgwugumajew/Build/Products/Debug-iphonesimulator/RSMS.app -shallow-bundle -infoplist-subpath Info.plist

** BUILD SUCCEEDED **

